g++: error: ./source/ShaderManager.cpp: No such file or directory
